[21:23:29] [ServerMain/INFO]: [bootstrap] Running Java 21 (OpenJDK 64-Bit Server VM 21.0.8+9-LTS; Azul Systems, Inc. Zulu21.44+17-CA) on Windows 11 10.0 (amd64)
[21:23:29] [ServerMain/INFO]: [bootstrap] Loading Paper 1.21.6-48-main@4d854e6 (2025-06-30T09:48:37Z) for Minecraft 1.21.6
[21:23:30] [ServerMain/INFO]: [PluginInitializerManager] Initializing plugins...
[21:23:30] [Paper Plugin Remapper Thread - 2/INFO]: [PluginRemapper] Remapping plugin 'C:\Users\Ishaan\Programming Projects\IntelliJ\SmartRouter\PaperRouter\build\libs\PaperRouter-3.0-beta-1.jar'...
[21:23:30] [Paper Plugin Remapper Thread - 2/INFO]: [PluginRemapper] Done remapping plugin 'C:\Users\Ishaan\Programming Projects\IntelliJ\SmartRouter\PaperRouter\build\libs\PaperRouter-3.0-beta-1.jar' in 385ms.
[21:23:31] [ServerMain/INFO]: [PluginInitializerManager] Initialized 1 plugin
[21:23:31] [ServerMain/INFO]: [PluginInitializerManager] Bukkit plugins (1):
 - PaperRouter (3.0-beta-1)
[21:23:34] [ServerMain/INFO]: Environment: Environment[sessionHost=https://sessionserver.mojang.com, servicesHost=https://api.minecraftservices.com, name=PROD]
[21:23:36] [ServerMain/INFO]: Loaded 1407 recipes
[21:23:36] [ServerMain/INFO]: Loaded 1520 advancements
[21:23:36] [ServerMain/INFO]: [ca.spottedleaf.dataconverter.minecraft.datatypes.MCTypeRegistry] Initialising converters for DataConverter...
[21:23:36] [ServerMain/INFO]: [ca.spottedleaf.dataconverter.minecraft.datatypes.MCTypeRegistry] Finished initialising converters for DataConverter in 375.1ms
[21:23:37] [Server thread/INFO]: Starting minecraft server version 1.21.6
[21:23:37] [Server thread/INFO]: Loading properties
[21:23:37] [Server thread/INFO]: This server is running Paper version 1.21.6-48-main@4d854e6 (2025-06-30T09:48:37Z) (Implementing API version 1.21.6-R0.1-SNAPSHOT)
[21:23:37] [Server thread/INFO]: [spark] This server bundles the spark profiler. For more information please visit https://docs.papermc.io/paper/profiling
[21:23:37] [Server thread/INFO]: Using 4 threads for Netty based IO
[21:23:37] [Server thread/INFO]: Server Ping Player Sample Count: 12
[21:23:37] [Server thread/INFO]: [MoonriseCommon] Paper is using 4 worker threads, 1 I/O threads
[21:23:37] [Server thread/INFO]: [ChunkTaskScheduler] Chunk system is using population gen parallelism: true
[21:23:37] [Server thread/INFO]: Default game type: SURVIVAL
[21:23:37] [Server thread/INFO]: Generating keypair
[21:23:37] [Server thread/INFO]: Starting Minecraft server on *:25565
[21:23:38] [Server thread/INFO]: Using default channel type
[21:23:38] [Server thread/INFO]: Paper: Using Java compression from Velocity.
[21:23:38] [Server thread/INFO]: Paper: Using Java cipher from Velocity.
[21:23:38] [Server thread/INFO]: [PaperRouter] Loading server plugin PaperRouter v3.0-beta-1
[21:23:38] [Server thread/INFO]: Server permissions file permissions.yml is empty, ignoring it
[21:23:38] [Server thread/INFO]: Preparing level "world"
[21:23:38] [Server thread/INFO]: Preparing start region for dimension minecraft:overworld
[21:23:39] [Server thread/INFO]: Preparing spawn area: 0%
[21:23:39] [Server thread/INFO]: Preparing spawn area: 0%
[21:23:39] [Server thread/INFO]: Time elapsed: 772 ms
[21:23:39] [Server thread/INFO]: Preparing start region for dimension minecraft:the_nether
[21:23:39] [Server thread/INFO]: Preparing spawn area: 0%
[21:23:39] [Server thread/INFO]: Time elapsed: 75 ms
[21:23:39] [Server thread/INFO]: Preparing start region for dimension minecraft:the_end
[21:23:39] [Server thread/INFO]: Preparing spawn area: 0%
[21:23:39] [Server thread/INFO]: Time elapsed: 53 ms
[21:23:39] [Server thread/INFO]: [PaperRouter] Enabling PaperRouter v3.0-beta-1
[21:23:39] [Server thread/INFO]: [spark] Starting background profiler...
[21:23:39] [Server thread/INFO]: [spark] The async-profiler engine is not supported for your os/arch (windows11/amd64), so the built-in Java engine will be used instead.
[21:23:39] [Server thread/INFO]: Done preparing level "world" (1.714s)
[21:23:39] [Server thread/INFO]: Running delayed init tasks
[21:23:39] [Server thread/INFO]: Done (10.817s)! For help, type "help"
[21:23:47] [User Authenticator #0/INFO]: UUID of player EmerqldWither is 0c5390b1-a7cd-4fe0-8309-baf977a9ed20
[21:23:47] [Server thread/INFO]: EmerqldWither joined the game
[21:23:47] [Server thread/INFO]: EmerqldWither[/127.0.0.1:57062] logged in with entity id 68 at ([world]15.5, 69.0, -85.5)
[21:24:54] [Server thread/INFO]: EmerqldWither lost connection: Disconnected
[21:24:54] [Server thread/INFO]: EmerqldWither left the game
